ok - fm-brief.sh: bash -n succeeds
/tmp/fm-brief.2haB9F/heredoc-in-substitution.sh:2
ok - fm-brief.sh: no heredoc is nested inside a command substitution (Bash 3.2 parse-safe)
ok - fm-brief.sh: --help renders the complete header
ok - fm-brief.sh: no-mistakes/direct-PR/local-only briefs generate cleanly
ok - fm-brief.sh: ship --mode is required and closed-set validated
ok - fm-brief.sh: the explicit ship mode wins over the registered posture
ok - fm-brief.sh: --yolo and scout/secondmate --mode are refused, never silently dropped
ok - fm-brief.sh: faster paths use configured authority without stacked review
ok - fm-brief.sh: every PR/MR-opening ship brief has the worker write the description itself in its forge's vocabulary
ok - fm-brief.sh: no-mistakes DOD keeps its apostrophe prose, now parse-safe
ok - fm-brief.sh: ship project-memory wording matches AGENTS.md section 6
ok - fm-brief.sh: --herdr-lab emits the complete hard safety contract
ok - fm-brief.sh: --herdr-lab uses its quoted Firstmate-owned helper path
ok - fm-brief.sh: unguarded ship and scout scaffolds keep omitted Herdr intent visible to firstmate and safe for the worker
ok - fm-brief.sh: Herdr lab contract covers scouts and rejects secondmate misuse
ok - fm-brief.sh: --no-projects scaffolds a project-less charter and guards misuse
ok - fm-brief.sh: marked requests avoid generic acknowledgements and preserve material reporting
ok - fm-brief.sh: relative directory inputs ignore CDPATH, render stable absolute charter paths, or fail loudly
ok - fm-brief.sh: custom pause verb renders in every scaffold
ok - fm-brief.sh: investigation and visual-review completions load the shared decision policy
ok - fm-brief.sh: ship, scout, and secondmate scaffolds ask for self-contained decision cards
ok - fm-brief.sh: ship and scout briefs require RAG/memory grounding with reported outcome; secondmate charter does not duplicate it
ok - fm-brief.sh: generated briefs name the RAG and carry no PP Brain text
ok - fm-brief.sh: config/knowledge-store renames the RAG wording in ship and scout briefs
ok - fm-brief.sh: a malformed config/knowledge-store is refused, not silently rendered
ok - fm-brief.sh: a 0-byte config/knowledge-store is refused, not silently defaulted
ok - fm-brief.sh: ship and scout briefs carry a firstmate-filled recall section where Nothing is a legal answer; secondmate charter does not
ok - fm-brief.sh: ship and scout briefs require declaring prescribed skills/procedures invoked and not invoked in the first status line; secondmate charter does not duplicate it
ok - fm-brief.sh: ship briefs carry the worker-operating contracts and keep a terminal done: line; scout/secondmate do not duplicate them
ok - fm-brief.sh: every scaffold opens with a provenance paragraph instead of the identity-override line
ok - fm-brief.sh: ship briefs carry a scope line, and only pipeline-less modes carry the verification paragraph
ok - fm-brief.sh: --blind swaps Grounding for one neutral line on ship and scout briefs only
ok - fm-brief.sh: the scout scaffold carries the extra-review, data-not-instructions, and captain-hold write guidance
ok - fm-brief: scout and secondmate code paths still scaffold well-formed briefs
ok - fm-brief.sh: brief vocabulary matches the project's actual forge
ok - fm-brief.sh: a bare .github directory alone never declares GitHub
ok - fm-brief.sh: all three repo-argument spellings resolve the same clone's forge
ok - fm-brief.sh: a project dir that is not its own clone root resolves unknown
ok - fm-brief.sh: forge detection honors FM_PROJECTS_OVERRIDE
